<html>
<body>
<pre>
<h1>礦ision Build Log</h1>
<h2>Tool Versions:</h2>
IDE-Version: μVision V[REDACTED_IP]
Copyright (C) 2024 ARM Ltd and ARM Germany GmbH. All rights reserved.
License Information: 111 19y, 111, LIC=76F5U-SRDR9-JJN6S-LFHK7-YHSEF-JH8IN
 
Tool Versions:
Toolchain:       MDK-ARM Plus  Version: [REDACTED_IP]
Toolchain Path:  D:\Developl\Keil_v5\ARM\ARMCC\Bin
C Compiler:      Armcc.exe V5.06 update 7 (build 960)
Assembler:       Armasm.exe V5.06 update 7 (build 960)
Linker/Locator:  ArmLink.exe V5.06 update 7 (build 960)
Library Manager: ArmAr.exe V5.06 update 7 (build 960)
Hex Converter:   FromElf.exe V5.06 update 7 (build 960)
CPU DLL:         SARMCM3.DLL V[REDACTED_IP]
Dialog DLL:      DCM.DLL V[REDACTED_IP]
Target DLL:      CMSIS_AGDI.dll V[REDACTED_IP]
Dialog DLL:      TCM.DLL V[REDACTED_IP]
 
<h2>Project:</h2>
D:\nanyun\实验箱\lora\sx127xled点对点控制demo\MDKProject\SX127xDriver.uvprojx
Project File Date:  04/20/2026

<h2>Output:</h2>
*** Using Compiler 'V5.06 update 7 (build 960)', folder: 'D:\Developl\Keil_v5\ARM\ARMCC\Bin'
Build target 'SX127xDriver'
compiling main.c...
linking...
Program Size: Code=21928 RO-data=828 RW-data=392 ZI-data=2272  
FromELF: creating hex file...
".\Objects\SX127xDriver.axf" - 0 Error(s), 0 Warning(s).

<h2>Software Packages used:</h2>

Package Vendor: Keil
                https://www.keil.com/pack/Keil.STM32F1xx_DFP.2.4.1.pack
                Keil::STM32F1xx_DFP@2.4.1
                STMicroelectronics STM32F1 Series Device Support, Drivers and Examples

<h2>Collection of Component include folders:</h2>
  D:/Develop/Arm/Packs/Keil/STM32F1xx_DFP/2.4.1/Device/Include

<h2>Collection of Component Files used:</h2>
Build Time Elapsed:  00:00:01
</pre>
</body>
</html>
